// Jest Snapshot v1, https://goo.gl/fbAQLP

exports[`<MainForm /> renders empty when no props supplied 1`] = `
<form
  className="main__form"
>
  <h2>
    Customize your laptop
  </h2>
</form>
`;

exports[`<MainForm /> renders form with features when props are supplied 1`] = `
<form
  className="main__form"
>
  <h2>
    Customize your laptop
  </h2>
  <Specs
    feature={
      Array [
        Object {
          "cost": 700,
          "name": "17th Generation Intel Core HB (7 Core with donut spare)",
        },
        Object {
          "cost": 1200,
          "name": "Professor X AMD Fire Breather with sidewinder technology",
        },
      ]
    }
    featureName="Processor"
    idx={0}
    key="Processor-0"
    selectedFeatureName="17th Generation Intel Core HB (7 Core with donut spare)"
    updateFeature={[Function]}
  />
  <Specs
    feature={
      Array [
        Object {
          "cost": 200,
          "name": "Ubuntu Linux 16.04",
        },
        Object {
          "cost": 300,
          "name": "Bodhi Linux",
        },
      ]
    }
    featureName="Operating System"
    idx={1}
    key="Operating System-1"
    selectedFeatureName="Ubuntu Linux 16.04"
    updateFeature={[Function]}
  />
  <Specs
    feature={
      Array [
        Object {
          "cost": 1150.98,
          "name": "Toyota Corolla 1.5v",
        },
        Object {
          "cost": 1345,
          "name": "Mind mild breeze 2000",
        },
      ]
    }
    featureName="Video Card"
    idx={2}
    key="Video Card-2"
    selectedFeatureName="Toyota Corolla 1.5v"
    updateFeature={[Function]}
  />
  <Specs
    feature={
      Array [
        Object {
          "cost": 1500,
          "name": "15.6\\" UHD (3840 x 2160) 60Hz Bright Lights and Knobs",
        },
        Object {
          "cost": 1400,
          "name": "15.3\\" HGTV (3840 x 2160) Home makeover edition",
        },
      ]
    }
    featureName="Display"
    idx={3}
    key="Display-3"
    selectedFeatureName="15.6\\" UHD (3840 x 2160) 60Hz Bright Lights and Knobs"
    updateFeature={[Function]}
  />
</form>
`;
